// Jest Snapshot v1, https://goo.gl/fbAQLP

exports[`[commons Theme should snapshot by theme object 1`] = `
Object {
  "components": Object {
    "MuiCSSBaseline": Object {
      "styleOverrides": "
            @font-face {
                font-family: 'Raleway';
                font-style: normal;
                font-display: swap;
                font-weight: 400;
                src: local('Raleway'), local('Raleway-Regular'), url(raleway-regular-webfont.woff) format('wolf2);
                inicodeRange: U-0000-00FF, U+0131, U+0152-0153, U+02BB-02BC, 
                U+02C6, U+02DA, U+02DC, U+2000-206F, U+2074, U+20AC;
        }
                body: {
                    margin: 0;
                    padding: 0;
                    overflow: hidden;
        }
                    ",
    },
  },
  "palette": Object {
    "background": Object {
      "default": "#F9F8FD",
    },
    "primary": Object {
      "main": "#0041BE",
    },
  },
}
`;
